This is pdfTeX, Version 3.141592653-2.6-1.40.29 (TeX Live 2026) (preloaded format=pdflatex 2026.10.4)  4 OCT 2026 20:44
entering extended mode
 restricted \write18 enabled.
 %&-line parsing enabled.
**main.tex
(./main.tex
LaTeX2e <2026-06-01>
L3 programming layer <2026-09-09>
(/usr/local/texlive/2026/texmf-dist/tex/latex/ieeetran/IEEEtran.cls
Document Class: IEEEtran 2015/08/26 V1.8b by Michael Shell
-- See the "IEEEtran_HOWTO" manual for usage information.
-- http://www.michaelshell.org/tex/ieeetran/
\@IEEEtrantmpdimenA=\dimen150
\@IEEEtrantmpdimenB=\dimen151
\@IEEEtrantmpdimenC=\dimen152
\@IEEEtrantmpcountA=\count276
\@IEEEtrantmpcountB=\count277
\@IEEEtrantmpcountC=\count278
\@IEEEtrantmptoksA=\toks17
LaTeX Font Info:    Trying to load font information for OT1+ptm on input line 5
03.
(/usr/local/texlive/2026/texmf-dist/tex/latex/psnfss/ot1ptm.fd
File: ot1ptm.fd 2001/06/04 font definitions for OT1/ptm.
)
-- Using 8.5in x 11in (letter) paper.
-- Using PDF output.
\@IEEEnormalsizeunitybaselineskip=\dimen153
-- This is a 10 point document.
LaTeX Encoding Info:    Redeclaring text command \textunderscore (encoding ?) o
n input line 937.
\CLASSINFOnormalsizebaselineskip=\dimen154
\CLASSINFOnormalsizeunitybaselineskip=\dimen155
\IEEEnormaljot=\dimen156
LaTeX Font Info:    Font shape `OT1/ptm/bx/n' in size <5> not available
(Font)              Font shape `OT1/ptm/b/n' tried instead on input line 1090.
LaTeX Font Info:    Font shape `OT1/ptm/bx/it' in size <5> not available
(Font)              Font shape `OT1/ptm/b/it' tried instead on input line 1090.

LaTeX Font Info:    Font shape `OT1/ptm/bx/n' in size <7> not available
(Font)              Font shape `OT1/ptm/b/n' tried instead on input line 1090.
LaTeX Font Info:    Font shape `OT1/ptm/bx/it' in size <7> not available
(Font)              Font shape `OT1/ptm/b/it' tried instead on input line 1090.

LaTeX Font Info:    Font shape `OT1/ptm/bx/n' in size <8> not available
(Font)              Font shape `OT1/ptm/b/n' tried instead on input line 1090.
LaTeX Font Info:    Font shape `OT1/ptm/bx/it' in size <8> not available
(Font)              Font shape `OT1/ptm/b/it' tried instead on input line 1090.

LaTeX Font Info:    Font shape `OT1/ptm/bx/n' in size <9> not available
(Font)              Font shape `OT1/ptm/b/n' tried instead on input line 1090.
LaTeX Font Info:    Font shape `OT1/ptm/bx/it' in size <9> not available
(Font)              Font shape `OT1/ptm/b/it' tried instead on input line 1090.

LaTeX Font Info:    Font shape `OT1/ptm/bx/n' in size <10> not available
(Font)              Font shape `OT1/ptm/b/n' tried instead on input line 1090.
LaTeX Font Info:    Font shape `OT1/ptm/bx/it' in size <10> not available
(Font)              Font shape `OT1/ptm/b/it' tried instead on input line 1090.

LaTeX Font Info:    Font shape `OT1/ptm/bx/n' in size <11> not available
(Font)              Font shape `OT1/ptm/b/n' tried instead on input line 1090.
LaTeX Font Info:    Font shape `OT1/ptm/bx/it' in size <11> not available
(Font)              Font shape `OT1/ptm/b/it' tried instead on input line 1090.

LaTeX Font Info:    Font shape `OT1/ptm/bx/n' in size <12> not available
(Font)              Font shape `OT1/ptm/b/n' tried instead on input line 1090.
LaTeX Font Info:    Font shape `OT1/ptm/bx/it' in size <12> not available
(Font)              Font shape `OT1/ptm/b/it' tried instead on input line 1090.

LaTeX Font Info:    Font shape `OT1/ptm/bx/n' in size <17> not available
(Font)              Font shape `OT1/ptm/b/n' tried instead on input line 1090.
LaTeX Font Info:    Font shape `OT1/ptm/bx/it' in size <17> not available
(Font)              Font shape `OT1/ptm/b/it' tried instead on input line 1090.

LaTeX Font Info:    Font shape `OT1/ptm/bx/n' in size <20> not available
(Font)              Font shape `OT1/ptm/b/n' tried instead on input line 1090.
LaTeX Font Info:    Font shape `OT1/ptm/bx/it' in size <20> not available
(Font)              Font shape `OT1/ptm/b/it' tried instead on input line 1090.

LaTeX Font Info:    Font shape `OT1/ptm/bx/n' in size <24> not available
(Font)              Font shape `OT1/ptm/b/n' tried instead on input line 1090.
LaTeX Font Info:    Font shape `OT1/ptm/bx/it' in size <24> not available
(Font)              Font shape `OT1/ptm/b/it' tried instead on input line 1090.

\IEEEquantizedlength=\dimen157
\IEEEquantizedlengthdiff=\dimen158
\IEEEquantizedtextheightdiff=\dimen159
\IEEEilabelindentA=\dimen160
\IEEEilabelindentB=\dimen161
\IEEEilabelindent=\dimen162
\IEEEelabelindent=\dimen163
\IEEEdlabelindent=\dimen164
\IEEElabelindent=\dimen165
\IEEEiednormlabelsep=\dimen166
\IEEEiedmathlabelsep=\dimen167
\IEEEiedtopsep=\skip49
\c@section=\count279
\c@subsection=\count280
\c@subsubsection=\count281
\c@paragraph=\count282
\c@IEEEsubequation=\count283
\abovecaptionskip=\skip50
\belowcaptionskip=\skip51
\c@figure=\count284
\c@table=\count285
\@IEEEeqnnumcols=\count286
\@IEEEeqncolcnt=\count287
\@IEEEsubeqnnumrollback=\count288
\@IEEEquantizeheightA=\dimen168
\@IEEEquantizeheightB=\dimen169
\@IEEEquantizeheightC=\dimen170
\@IEEEquantizeprevdepth=\dimen171
\@IEEEquantizemultiple=\count289
\@IEEEquantizeboxA=\box53
\@IEEEtmpitemindent=\dimen172
\IEEEPARstartletwidth=\dimen173
\c@IEEEbiography=\count290
\@IEEEtranrubishbin=\box54
)
** ATTENTION: Overriding command lockouts (line 2).
(/usr/local/texlive/2026/texmf-dist/tex/latex/base/fontenc.sty
Package: fontenc 2025/07/18 v2.1d Standard LaTeX package
LaTeX Font Info:    Trying to load font information for T1+ptm on input line 11
6.

(/usr/local/texlive/2026/texmf-dist/tex/latex/psnfss/t1ptm.fd
File: t1ptm.fd 2001/06/04 font definitions for T1/ptm.
))
(/usr/local/texlive/2026/texmf-dist/tex/latex/cite/cite.sty
LaTeX Info: Redefining \cite on input line 302.
LaTeX Info: Redefining \nocite on input line 332.
Package: cite 2015/02/27  v 5.5
)
(/usr/local/texlive/2026/texmf-dist/tex/latex/amsmath/amsmath.sty
Package: amsmath 2026/05/19 v2.18d AMS math features
\@mathmargin=\skip52

For additional information on amsmath, use the `?' option.
(/usr/local/texlive/2026/texmf-dist/tex/latex/amsmath/amstext.sty
Package: amstext 2024/11/17 v2.01 AMS text

(/usr/local/texlive/2026/texmf-dist/tex/latex/amsmath/amsgen.sty
File: amsgen.sty 1999/11/30 v2.0 generic functions
\@emptytoks=\toks18
\ex@=\dimen174
))
(/usr/local/texlive/2026/texmf-dist/tex/latex/amsmath/amsbsy.sty
Package: amsbsy 1999/11/29 v1.2d Bold Symbols
\pmbraise@=\dimen175
)
(/usr/local/texlive/2026/texmf-dist/tex/latex/amsmath/amsopn.sty
Package: amsopn 2022/04/08 v2.04 operator names
)
\inf@bad=\count291
LaTeX Info: Redefining \frac on input line 233.
\uproot@=\count292
\leftroot@=\count293
LaTeX Info: Redefining \overline on input line 398.
LaTeX Info: Redefining \colon on input line 409.
\classnum@=\count294
\DOTSCASE@=\count295
LaTeX Info: Redefining \ldots on input line 495.
LaTeX Info: Redefining \dots on input line 498.
LaTeX Info: Redefining \cdots on input line 619.
\Mathstrutbox@=\box55
\strutbox@=\box56
LaTeX Info: Redefining \big on input line 721.
LaTeX Info: Redefining \Big on input line 722.
LaTeX Info: Redefining \bigg on input line 723.
LaTeX Info: Redefining \Bigg on input line 724.
\big@size=\dimen176
LaTeX Font Info:    Redeclaring font encoding OML on input line 742.
LaTeX Font Info:    Redeclaring font encoding OMS on input line 743.
\macc@depth=\count296
LaTeX Info: Redefining \bmod on input line 904.
LaTeX Info: Redefining \pmod on input line 909.
LaTeX Info: Redefining \smash on input line 939.
LaTeX Info: Redefining \relbar on input line 969.
LaTeX Info: Redefining \Relbar on input line 970.
\c@MaxMatrixCols=\count297
\dotsspace@=\muskip17
\c@parentequation=\count298
\dspbrk@lvl=\count299
\tag@help=\toks19
\row@=\count300
\column@=\count301
\maxfields@=\count302
\andhelp@=\toks20
\eqnshift@=\dimen177
\alignsep@=\dimen178
\tagshift@=\dimen179
\tagwidth@=\dimen180
\totwidth@=\dimen181
\lineht@=\dimen182
\@envbody=\toks21
\multlinegap=\skip53
\multlinetaggap=\skip54
\mathdisplay@stack=\toks22
LaTeX Info: Redefining \[ on input line 2965.
LaTeX Info: Redefining \] on input line 2966.
)
(/usr/local/texlive/2026/texmf-dist/tex/latex/amsfonts/amssymb.sty
Package: amssymb 2013/01/14 v3.01 AMS font symbols

(/usr/local/texlive/2026/texmf-dist/tex/latex/amsfonts/amsfonts.sty
Package: amsfonts 2013/01/14 v3.01 Basic AMSFonts support
\symAMSa=\mathgroup4
\symAMSb=\mathgroup5
LaTeX Font Info:    Redeclaring math symbol \hbar on input line 98.
LaTeX Font Info:    Overwriting math alphabet `\mathfrak' in version `bold'
(Font)                  U/euf/m/n --> U/euf/b/n on input line 106.
))
(/usr/local/texlive/2026/texmf-dist/tex/latex/graphics/graphicx.sty
Package: graphicx 2026-05-17 v1.2e Enhanced LaTeX Graphics (DPC,SPQR)

(/usr/local/texlive/2026/texmf-dist/tex/latex/graphics/keyval.sty
Package: keyval 2026-05-17 v1.15 key=value parser (DPC)
\KV@toks@=\toks23
)
(/usr/local/texlive/2026/texmf-dist/tex/latex/graphics/graphics.sty
Package: graphics 2026-05-17 v1.4h Standard LaTeX Graphics (DPC,SPQR)

(/usr/local/texlive/2026/texmf-dist/tex/latex/graphics/trig.sty
Package: trig 2023/12/02 v1.11 sin cos tan (DPC)
)
(/usr/local/texlive/2026/texmf-dist/tex/latex/graphics-cfg/graphics.cfg
File: graphics.cfg 2016/06/04 v1.11 sample graphics configuration
)
Package graphics Info: Driver file: pdftex.def on input line 106.

(/usr/local/texlive/2026/texmf-dist/tex/latex/graphics-def/pdftex.def
File: pdftex.def 2025/09/29 v1.2d Graphics/color driver for pdftex
))
\Gin@req@height=\dimen183
\Gin@req@width=\dimen184
)
(/usr/local/texlive/2026/texmf-dist/tex/latex/booktabs/booktabs.sty
Package: booktabs 2020/01/12 v1.61803398 Publication quality tables
\heavyrulewidth=\dimen185
\lightrulewidth=\dimen186
\cmidrulewidth=\dimen187
\belowrulesep=\dimen188
\belowbottomsep=\dimen189
\aboverulesep=\dimen190
\abovetopsep=\dimen191
\cmidrulesep=\dimen192
\cmidrulekern=\dimen193
\defaultaddspace=\dimen194
\@cmidla=\count303
\@cmidlb=\count304
\@aboverulesep=\dimen195
\@belowrulesep=\dimen196
\@thisruleclass=\count305
\@lastruleclass=\count306
\@thisrulewidth=\dimen197
)
(/usr/local/texlive/2026/texmf-dist/tex/latex/multirow/multirow.sty
Package: multirow 2024/11/12 v2.9 Span multiple rows of a table
\multirow@colwidth=\skip55
\multirow@cntb=\count307
\multirow@dima=\skip56
\bigstrutjot=\dimen198
)
(/usr/local/texlive/2026/texmf-dist/tex/latex/tools/array.sty
Package: array 2026/02/24 v2.7b Tabular extension package (FMi)
\col@sep=\dimen199
\ar@mcellbox=\box57
\extrarowheight=\dimen256
\NC@list=\toks24
\extratabsurround=\skip57
\backup@length=\skip58
\ar@cellbox=\box58
)
(/usr/local/texlive/2026/texmf-dist/tex/latex/url/url.sty
\Urlmuskip=\muskip18
Package: url 2013/09/16  ver 3.4  Verb mode for urls, etc.
)
(/usr/local/texlive/2026/texmf-dist/tex/latex/hyperref/hyperref.sty
Package: hyperref 2026-06-17 v7.01r Hypertext links for LaTeX

(/usr/local/texlive/2026/texmf-dist/tex/generic/iftex/iftex.sty
Package: iftex 2024/12/12 v1.0g TeX engine tests
)
(/usr/local/texlive/2026/texmf-dist/tex/latex/kvsetkeys/kvsetkeys.sty
Package: kvsetkeys 2022-10-05 v1.19 Key value parser (HO)
)
(/usr/local/texlive/2026/texmf-dist/tex/generic/kvdefinekeys/kvdefinekeys.sty
Package: kvdefinekeys 2019-12-19 v1.6 Define keys (HO)
)
(/usr/local/texlive/2026/texmf-dist/tex/generic/pdfescape/pdfescape.sty
Package: pdfescape 2019/12/09 v1.15 Implements pdfTeX's escape features (HO)

(/usr/local/texlive/2026/texmf-dist/tex/generic/ltxcmds/ltxcmds.sty
Package: ltxcmds 2023-12-04 v1.26 LaTeX kernel commands for general use (HO)
)
(/usr/local/texlive/2026/texmf-dist/tex/generic/pdftexcmds/pdftexcmds.sty
Package: pdftexcmds 2020-06-27 v0.33 Utility functions of pdfTeX for LuaTeX (HO
)

(/usr/local/texlive/2026/texmf-dist/tex/generic/infwarerr/infwarerr.sty
Package: infwarerr 2019/12/03 v1.5 Providing info/warning/error messages (HO)
)
Package pdftexcmds Info: \pdf@primitive is available.
Package pdftexcmds Info: \pdf@ifprimitive is available.
Package pdftexcmds Info: \pdfdraftmode found.
))
(/usr/local/texlive/2026/texmf-dist/tex/latex/hycolor/hycolor.sty
Package: hycolor 2020-01-27 v1.10 Color options for hyperref/bookmark (HO)
)
(/usr/local/texlive/2026/texmf-dist/tex/latex/hyperref/nameref.sty
Package: nameref 2026-01-29 v2.58 Cross-referencing by name of section

(/usr/local/texlive/2026/texmf-dist/tex/latex/refcount/refcount.sty
Package: refcount 2019/12/15 v3.6 Data extraction from label references (HO)
)
(/usr/local/texlive/2026/texmf-dist/tex/generic/gettitlestring/gettitlestring.s
ty
Package: gettitlestring 2019/12/15 v1.6 Cleanup title references (HO)
 (/usr/local/texlive/2026/texmf-dist/tex/latex/kvoptions/kvoptions.sty
Package: kvoptions 2022-06-15 v3.15 Key value format for package options (HO)
))
\c@section@level=\count308
)
(/usr/local/texlive/2026/texmf-dist/tex/latex/etoolbox/etoolbox.sty
Package: etoolbox 2025/10/02 v2.5m e-TeX tools for LaTeX (JAW)
\etb@tempcnta=\count309
)
(/usr/local/texlive/2026/texmf-dist/tex/generic/stringenc/stringenc.sty
Package: stringenc 2019/11/29 v1.12 Convert strings between diff. encodings (HO
)
)
\@linkdim=\dimen257
\Hy@linkcounter=\count310
\Hy@pagecounter=\count311

(/usr/local/texlive/2026/texmf-dist/tex/latex/hyperref/pd1enc.def
File: pd1enc.def 2026-06-17 v7.01r Hyperref: PDFDocEncoding definition (HO)
Now handling font encoding PD1 ...
... no UTF-8 mapping file for font encoding PD1
)
(/usr/local/texlive/2026/texmf-dist/tex/generic/intcalc/intcalc.sty
Package: intcalc 2019/12/15 v1.3 Expandable calculations with integers (HO)
)
\Hy@SavedSpaceFactor=\count312

(/usr/local/texlive/2026/texmf-dist/tex/latex/hyperref/puenc.def
File: puenc.def 2026-06-17 v7.01r Hyperref: PDF Unicode definition (HO)
Now handling font encoding PU ...
... no UTF-8 mapping file for font encoding PU
)
Package hyperref Info: Hyper figures OFF on input line 4199.
Package hyperref Info: Link nesting OFF on input line 4204.
Package hyperref Info: Hyper index ON on input line 4207.
Package hyperref Info: Plain pages OFF on input line 4214.
Package hyperref Info: Backreferencing OFF on input line 4219.
Package hyperref Info: Implicit mode ON; LaTeX internals redefined.
Package hyperref Info: Bookmarks ON on input line 4466.
\c@Hy@tempcnt=\count313
LaTeX Info: Redefining \url on input line 4805.
\XeTeXLinkMargin=\dimen258

(/usr/local/texlive/2026/texmf-dist/tex/generic/bitset/bitset.sty
Package: bitset 2019/12/09 v1.3 Handle bit-vector datatype (HO)

(/usr/local/texlive/2026/texmf-dist/tex/generic/bigintcalc/bigintcalc.sty
Package: bigintcalc 2019/12/15 v1.5 Expandable calculations on big integers (HO
)
))
\Fld@menulength=\count314
\Field@Width=\dimen259
\Fld@charsize=\dimen260
Package hyperref Info: Hyper figures OFF on input line 6091.
Package hyperref Info: Link nesting OFF on input line 6096.
Package hyperref Info: Hyper index ON on input line 6099.
Package hyperref Info: backreferencing OFF on input line 6106.
Package hyperref Info: Link coloring OFF on input line 6111.
Package hyperref Info: Link coloring with OCG OFF on input line 6116.
Package hyperref Info: PDF/A mode OFF on input line 6121.
\Hy@abspage=\count315
\c@Item=\count316
\c@Hfootnote=\count317
)
Package hyperref Info: Driver (autodetected): hpdftex.

(/usr/local/texlive/2026/texmf-dist/tex/latex/hyperref/hpdftex.def
File: hpdftex.def 2026-06-17 v7.01r Hyperref driver for pdfTeX
\Fld@listcount=\count318
\c@bookmark@seq@number=\count319

(/usr/local/texlive/2026/texmf-dist/tex/latex/rerunfilecheck/rerunfilecheck.sty
Package: rerunfilecheck 2025-06-21 v1.11 Rerun checks for auxiliary files (HO)

(/usr/local/texlive/2026/texmf-dist/tex/generic/uniquecounter/uniquecounter.sty
Package: uniquecounter 2019/12/15 v1.4 Provide unlimited unique counter (HO)
)
Package uniquecounter Info: New unique counter `rerunfilecheck' on input line 2
84.
)
\Hy@SectionHShift=\skip59
) (/usr/local/texlive/2026/texmf-dist/tex/latex/l3kernel/l3backend-pdftex.def
File: l3backend-pdftex.def 2026-09-09 L3 backend support: PDF output (pdfTeX)
\l__color_backend_stack_int=\count320
) (./main.aux)
\openout1 = `main.aux'.

LaTeX Font Info:    Checking defaults for OML/cmm/m/it on input line 21.
LaTeX Font Info:    ... okay on input line 21.
LaTeX Font Info:    Checking defaults for OMS/cmsy/m/n on input line 21.
LaTeX Font Info:    ... okay on input line 21.
LaTeX Font Info:    Checking defaults for OT1/cmr/m/n on input line 21.
LaTeX Font Info:    ... okay on input line 21.
LaTeX Font Info:    Checking defaults for T1/cmr/m/n on input line 21.
LaTeX Font Info:    ... okay on input line 21.
LaTeX Font Info:    Checking defaults for TS1/cmr/m/n on input line 21.
LaTeX Font Info:    ... okay on input line 21.
LaTeX Font Info:    Checking defaults for OMX/cmex/m/n on input line 21.
LaTeX Font Info:    ... okay on input line 21.
LaTeX Font Info:    Checking defaults for U/cmr/m/n on input line 21.
LaTeX Font Info:    ... okay on input line 21.
LaTeX Font Info:    Checking defaults for PD1/pdf/m/n on input line 21.
LaTeX Font Info:    ... okay on input line 21.
LaTeX Font Info:    Checking defaults for PU/pdf/m/n on input line 21.
LaTeX Font Info:    ... okay on input line 21.

-- Lines per column: 56 (exact).
(/usr/local/texlive/2026/texmf-dist/tex/context/base/mkii/supp-pdf.mkii
[Loading MPS to PDF converter (version 2006.09.02).]
\scratchcounter=\count321
\scratchdimen=\dimen261
\scratchbox=\box59
\nofMPsegments=\count322
\nofMParguments=\count323
\everyMPshowfont=\toks25
\MPscratchCnt=\count324
\MPscratchDim=\dimen262
\MPnumerator=\count325
\makeMPintoPDFobject=\count326
\everyMPtoPDFconversion=\toks26
) (/usr/local/texlive/2026/texmf-dist/tex/latex/epstopdf-pkg/epstopdf-base.sty
Package: epstopdf-base 2020-01-24 v2.11 Base part for package epstopdf
Package epstopdf-base Info: Redefining graphics rule for `.eps' on input line 4
85.

(/usr/local/texlive/2026/texmf-dist/tex/latex/latexconfig/epstopdf-sys.cfg
File: epstopdf-sys.cfg 2010/07/13 v1.3 Configuration of (r)epstopdf for TeX Liv
e
))
Package hyperref Info: Link coloring OFF on input line 21.

(./main.out) (./main.out)
\@outlinefile=\write3
\openout3 = `main.out'.

LaTeX Font Info:    Trying to load font information for U+msa on input line 32.


(/usr/local/texlive/2026/texmf-dist/tex/latex/amsfonts/umsa.fd
File: umsa.fd 2013/01/14 v3.01 AMS symbols A
)
LaTeX Font Info:    Trying to load font information for U+msb on input line 32.


(/usr/local/texlive/2026/texmf-dist/tex/latex/amsfonts/umsb.fd
File: umsb.fd 2013/01/14 v3.01 AMS symbols B
)
LaTeX Font Info:    Trying to load font information for T1+lmtt on input line 3
2.

(/usr/local/texlive/2026/texmf-dist/tex/latex/lm/t1lmtt.fd
File: t1lmtt.fd 2015/05/01 v1.6.1 Font defs for Latin Modern
)
LaTeX Font Info:    Font shape `T1/lmtt/bx/n' in size <9> not available
(Font)              Font shape `T1/lmtt/b/n' tried instead on input line 32.
 [1{/usr/local/texlive/2026/texmf-var/fonts/map/pdftex/updmap/pdftex.map}{/usr/
local/texlive/2026/texmf-dist/fonts/enc/dvips/base/8r.enc}


{/usr/local/texlive/2026/texmf-dist/fonts/enc/dvips/lm/lm-ec.enc}]
Underfull \hbox (badness 10000) in paragraph at lines 67--67
[]|\T1/ptm/m/n/8 Salt-and-
 []


Underfull \hbox (badness 7116) in paragraph at lines 67--67
[]|$\OML/cmm/m/it/8 p \OMS/cmsy/m/n/8 ^^X \OML/cmm/m/it/8 U\OT1/cmr/m/n/8 [0\OM
L/cmm/m/it/8 :\OT1/cmr/m/n/8 02\OML/cmm/m/it/8 ; \OT1/cmr/m/n/8 0\OML/cmm/m/it/
8 :\OT1/cmr/m/n/8 15]$\T1/ptm/m/n/8 ,
 []


Underfull \hbox (badness 10000) in paragraph at lines 68--68
[]|\T1/ptm/m/n/8 Gaussian
 []


Underfull \hbox (badness 1354) in paragraph at lines 68--68
[]|$\OML/cmm/m/it/8 k \OMS/cmsy/m/n/8 2 f\OT1/cmr/m/n/8 3\OML/cmm/m/it/8 ; \OT1
/cmr/m/n/8 5\OML/cmm/m/it/8 ; \OT1/cmr/m/n/8 7\OMS/cmsy/m/n/8 g$\T1/ptm/m/n/8 ,
 $\OML/cmm/m/it/8 ^^[ \OMS/cmsy/m/n/8 ^^X
 []


Overfull \hbox (1.54395pt too wide) in paragraph at lines 68--69
[]|$\OT1/cmr/m/n/8 (3\OML/cmm/m/it/8 ; \OT1/cmr/m/n/8 0\OML/cmm/m/it/8 :\OT1/cm
r/m/n/8 7)\OML/cmm/m/it/8 ; \OT1/cmr/m/n/8 (5\OML/cmm/m/it/8 ; \OT1/cmr/m/n/8 1
\OML/cmm/m/it/8 :\OT1/cmr/m/n/8 5)\OML/cmm/m/it/8 ; \OT1/cmr/m/n/8 (7\OML/cmm/m
/it/8 ; \OT1/cmr/m/n/8 2\OML/cmm/m/it/8 :\OT1/cmr/m/n/8 5)$| 
 []


Underfull \hbox (badness 1874) in paragraph at lines 69--69
[]|\T1/ptm/m/n/8 1--3 black boxes, joint
 []

<figures/t4_pairs_check.png, id=221, 1011.78pt x 361.35pt>
File: figures/t4_pairs_check.png Graphic file (type png)
<use figures/t4_pairs_check.png>
Package pdftex.def Info: figures/t4_pairs_check.png  used on input line 98.
(pdftex.def)             Requested size: 252.0pt x 90.00093pt.
<figures/mlflow_ui.png, id=225, 1679.27374pt x 1234.6125pt>
File: figures/mlflow_ui.png Graphic file (type png)
<use figures/mlflow_ui.png>
Package pdftex.def Info: figures/mlflow_ui.png  used on input line 108.
(pdftex.def)             Requested size: 252.84283pt x 185.8809pt.
<figures/mlflow_metrics.png, id=226, 1679.27374pt x 1234.6125pt>
File: figures/mlflow_metrics.png Graphic file (type png)
<use figures/mlflow_metrics.png>
Package pdftex.def Info: figures/mlflow_metrics.png  used on input line 109.
(pdftex.def)             Requested size: 252.84283pt x 185.8809pt.
<figures/t1_arch.png, id=232, 513.117pt x 276.2685pt>
File: figures/t1_arch.png Graphic file (type png)
<use figures/t1_arch.png>
Package pdftex.def Info: figures/t1_arch.png  used on input line 182.
(pdftex.def)             Requested size: 443.76031pt x 238.93523pt.
[2 <./figures/t4_pairs_check.png>]
<figures/t1_optuna_flat_history.png, id=258, 433.62pt x 252.945pt>
File: figures/t1_optuna_flat_history.png Graphic file (type png)
<use figures/t1_optuna_flat_history.png>
Package pdftex.def Info: figures/t1_optuna_flat_history.png  used on input line
 211.
(pdftex.def)             Requested size: 126.41748pt x 73.74199pt.
<figures/t1_optuna_flat_importance.png, id=259, 361.35pt x 216.81pt>
File: figures/t1_optuna_flat_importance.png Graphic file (type png)
<use figures/t1_optuna_flat_importance.png>
Package pdftex.def Info: figures/t1_optuna_flat_importance.png  used on input l
ine 212.
(pdftex.def)             Requested size: 108.36346pt x 65.01703pt.
<figures/t1_optuna_spatial_history.png, id=260, 433.62pt x 252.945pt>
File: figures/t1_optuna_spatial_history.png Graphic file (type png)
<use figures/t1_optuna_spatial_history.png>
Package pdftex.def Info: figures/t1_optuna_spatial_history.png  used on input l
ine 213.
(pdftex.def)             Requested size: 126.41748pt x 73.74199pt.
<figures/t1_optuna_spatial_importance.png, id=261, 361.35pt x 216.81pt>
File: figures/t1_optuna_spatial_importance.png Graphic file (type png)
<use figures/t1_optuna_spatial_importance.png>
Package pdftex.def Info: figures/t1_optuna_spatial_importance.png  used on inpu
t line 214.
(pdftex.def)             Requested size: 108.36346pt x 65.01703pt.
<figures/t1_curves.png, id=262, 515.4165pt x 152.7525pt>
File: figures/t1_curves.png Graphic file (type png)
<use figures/t1_curves.png>
Package pdftex.def Info: figures/t1_curves.png  used on input line 221.
(pdftex.def)             Requested size: 252.0pt x 74.68388pt.

Underfull \vbox (badness 10000) has occurred while \output is active []


Overfull \hbox (1.88435pt too wide) in paragraph at lines 233--243
 [][] 
 []


Overfull \hbox (6.8945pt too wide) in paragraph at lines 249--266
 [][] 
 []

[3 <./figures/mlflow_ui.png (PNG copy)> <./figures/mlflow_metrics.png (PNG copy
)>] [4 <./figures/t1_arch.png> <./figures/t1_optuna_flat_history.png> <./figure
s/t1_optuna_flat_importance.png> <./figures/t1_optuna_spatial_history.png> <./f
igures/t1_optuna_spatial_importance.png> <./figures/t1_curves.png>]
<figures/t1_test_examples.png, id=288, 578.16pt x 1734.48pt>
File: figures/t1_test_examples.png Graphic file (type png)
<use figures/t1_test_examples.png>
Package pdftex.def Info: figures/t1_test_examples.png  used on input line 277.
(pdftex.def)             Requested size: 105.27292pt x 315.84082pt.
<figures/t1_test_failures.png, id=289, 578.16pt x 578.16pt>
File: figures/t1_test_failures.png Graphic file (type png)
<use figures/t1_test_failures.png>
Package pdftex.def Info: figures/t1_test_failures.png  used on input line 278.
(pdftex.def)             Requested size: 161.2838pt x 161.28369pt.
<figures/t2_confusion_test.png, id=297, 245.718pt x 206.6265pt>
File: figures/t2_confusion_test.png Graphic file (type png)
<use figures/t2_confusion_test.png>
Package pdftex.def Info: figures/t2_confusion_test.png  used on input line 320.

(pdftex.def)             Requested size: 206.64185pt x 173.77629pt.
 [5]
Underfull \vbox (badness 2922) has occurred while \output is active []

 [6 <./figures/t1_test_examples.png> <./figures/t1_test_failures.png> <./figure
s/t2_confusion_test.png>]
<figures/t2_routing_failures.png, id=321, 650.43pt x 996.80978pt>
File: figures/t2_routing_failures.png Graphic file (type png)
<use figures/t2_routing_failures.png>
Package pdftex.def Info: figures/t2_routing_failures.png  used on input line 39
2.
(pdftex.def)             Requested size: 231.83954pt x 355.2921pt.
 [7 <./figures/t2_routing_failures.png>]
<figures/t3_curves.png, id=338, 527.2425pt x 152.7525pt>
File: figures/t3_curves.png Graphic file (type png)
<use figures/t3_curves.png>
Package pdftex.def Info: figures/t3_curves.png  used on input line 419.
(pdftex.def)             Requested size: 283.80157pt x 82.22406pt.
<figures/t3_optuna_history.png, id=339, 433.62pt x 252.945pt>
File: figures/t3_optuna_history.png Graphic file (type png)
<use figures/t3_optuna_history.png>
Package pdftex.def Info: figures/t3_optuna_history.png  used on input line 420.

(pdftex.def)             Requested size: 121.26031pt x 70.73534pt.
<figures/t3_optuna_importance.png, id=340, 361.35pt x 216.81pt>
File: figures/t3_optuna_importance.png Graphic file (type png)
<use figures/t3_optuna_importance.png>
Package pdftex.def Info: figures/t3_optuna_importance.png  used on input line 4
21.
(pdftex.def)             Requested size: 98.04126pt x 58.82399pt.
<figures/t3_heatmap_test.png, id=347, 433.62pt x 433.62pt>
File: figures/t3_heatmap_test.png Graphic file (type png)
<use figures/t3_heatmap_test.png>
Package pdftex.def Info: figures/t3_heatmap_test.png  used on input line 506.
(pdftex.def)             Requested size: 201.60475pt x 201.60205pt.
<figures/t3_gate_examples_test.png, id=348, 794.97pt x 1387.584pt>
File: figures/t3_gate_examples_test.png Graphic file (type png)
<use figures/t3_gate_examples_test.png>
Package pdftex.def Info: figures/t3_gate_examples_test.png  used on input line 
507.
(pdftex.def)             Requested size: 192.49493pt x 336.0pt.
 [8] [9 <./figures/t3_curves.png> <./figures/t3_optuna_history.png> <./figures/
t3_optuna_importance.png> <./figures/t3_heatmap_test.png> <./figures/t3_gate_ex
amples_test.png>]
<figures/t4_arch.png, id=372, 500.634pt x 254.916pt>
File: figures/t4_arch.png Graphic file (type png)
<use figures/t4_arch.png>
Package pdftex.def Info: figures/t4_arch.png  used on input line 543.
(pdftex.def)             Requested size: 443.76031pt x 225.95654pt.
<figures/t4_curves.png, id=379, 515.088pt x 152.7525pt>
File: figures/t4_curves.png Graphic file (type png)
<use figures/t4_curves.png>
Package pdftex.def Info: figures/t4_curves.png  used on input line 561.
(pdftex.def)             Requested size: 309.60315pt x 91.81769pt.
<figures/t4_optuna_history.png, id=380, 433.62pt x 252.945pt>
File: figures/t4_optuna_history.png Graphic file (type png)
<use figures/t4_optuna_history.png>
Package pdftex.def Info: figures/t4_optuna_history.png  used on input line 562.

(pdftex.def)             Requested size: 108.36346pt x 63.20908pt.
<figures/t4_optuna_importance.png, id=381, 361.35pt x 216.81pt>
File: figures/t4_optuna_importance.png Graphic file (type png)
<use figures/t4_optuna_importance.png>
Package pdftex.def Info: figures/t4_optuna_importance.png  used on input line 5
63.
(pdftex.def)             Requested size: 87.71906pt x 52.63094pt.
<figures/t4_samples_ep000.png, id=382, 1045.9075pt x 654.445pt>
File: figures/t4_samples_ep000.png Graphic file (type png)
<use figures/t4_samples_ep000.png>
Package pdftex.def Info: figures/t4_samples_ep000.png  used on input line 570.
(pdftex.def)             Requested size: 167.69843pt x 104.93303pt.
<figures/t4_samples_ep050.png, id=383, 1045.9075pt x 654.445pt>
File: figures/t4_samples_ep050.png Graphic file (type png)
<use figures/t4_samples_ep050.png>
Package pdftex.def Info: figures/t4_samples_ep050.png  used on input line 571.
(pdftex.def)             Requested size: 167.69843pt x 104.93303pt.
<figures/t4_samples_ep149.png, id=384, 1045.9075pt x 654.445pt>
File: figures/t4_samples_ep149.png Graphic file (type png)
<use figures/t4_samples_ep149.png>
Package pdftex.def Info: figures/t4_samples_ep149.png  used on input line 572.
(pdftex.def)             Requested size: 167.69843pt x 104.93303pt.
<figures/t4_val_examples.png, id=388, 722.7pt x 1365.903pt>
File: figures/t4_val_examples.png Graphic file (type png)
<use figures/t4_val_examples.png>
Package pdftex.def Info: figures/t4_val_examples.png  used on input line 617.
(pdftex.def)             Requested size: 149.3344pt x 282.23877pt.
<figures/t4_val_failures.png, id=389, 722.7pt x 607.068pt>
File: figures/t4_val_failures.png Graphic file (type png)
<use figures/t4_val_failures.png>
Package pdftex.def Info: figures/t4_val_failures.png  used on input line 618.
(pdftex.def)             Requested size: 199.99474pt x 168.0pt.

Overfull \hbox (11.67654pt too wide) in paragraph at lines 633--647
 [][] 
 []


Underfull \hbox (badness 1769) in paragraph at lines 652--653
[]\T1/ptm/m/n/10 The in-ter-face was de-signed be-fore im-ple-men-ta-tion in
 []


Underfull \hbox (badness 2460) in paragraph at lines 652--653
\T1/ptm/m/n/10 Routed Restora-tion, Soft Mixture-of-Experts Restora-tion,
 []

[10]
Underfull \hbox (badness 10000) in paragraph at lines 665--666
[]\T1/ptm/m/n/10 The back-end is a FastAPI ser-vice over ONNX
 []


Underfull \hbox (badness 3189) in paragraph at lines 665--666
\T1/ptm/m/n/10 Run-time (CPU) with the end-points \T1/lmtt/m/n/10 GET /api/heal
th\T1/ptm/m/n/10 ,
 []


Underfull \hbox (badness 10000) in paragraph at lines 665--666
\T1/lmtt/m/n/10 GET /api/samples\T1/ptm/m/n/10 , \T1/lmtt/m/n/10 POST /api/corr
upt\T1/ptm/m/n/10 , \T1/lmtt/m/n/10 POST
 []


Underfull \hbox (badness 10000) in paragraph at lines 665--666
\T1/lmtt/m/n/10 /api/restore/universal\T1/ptm/m/n/10 , \T1/lmtt/m/n/10 POST /ap
i/restore/hard\T1/ptm/m/n/10 ,
 []


Underfull \hbox (badness 10000) in paragraph at lines 665--666
\T1/lmtt/m/n/10 POST /api/restore/soft \T1/ptm/m/n/10 and \T1/lmtt/m/n/10 POST 
/api/sketch\T1/ptm/m/n/10 ;
 []


Underfull \hbox (badness 1442) in paragraph at lines 665--666
\T1/ptm/m/n/10 map as PNG im-ages, the cor-rup-tion set-tings (in-clud-ing
 []


Underfull \hbox (badness 2134) in paragraph at lines 665--666
\T1/ptm/m/n/10 oc-clu-sion box co-or-di-nates and the mea-sured cov-er-age),
 []


Underfull \vbox (badness 10000) has occurred while \output is active []

 [11 <./figures/t4_arch.png> <./figures/t4_curves.png> <./figures/t4_optuna_his
tory.png> <./figures/t4_optuna_importance.png>]
Underfull \vbox (badness 10000) has occurred while \output is active []

 [12 <./figures/t4_samples_ep000.png (PNG copy)> <./figures/t4_samples_ep050.pn
g (PNG copy)> <./figures/t4_samples_ep149.png (PNG copy)> <./figures/t4_val_exa
mples.png> <./figures/t4_val_failures.png>]
<figures/app_shot_universal.png, id=418, 2168.1pt x 1592.95125pt>
File: figures/app_shot_universal.png Graphic file (type png)
<use figures/app_shot_universal.png>
Package pdftex.def Info: figures/app_shot_universal.png  used on input line 672
.
(pdftex.def)             Requested size: 252.84283pt x 185.74986pt.
<figures/app_shot_sketch.png, id=419, 2168.1pt x 1335.99126pt>
File: figures/app_shot_sketch.png Graphic file (type png)
<use figures/app_shot_sketch.png>
Package pdftex.def Info: figures/app_shot_sketch.png  used on input line 673.
(pdftex.def)             Requested size: 252.84283pt x 155.78644pt.
<figures/app_shot_hard.png, id=420, 2168.1pt x 2070.73625pt>
File: figures/app_shot_hard.png Graphic file (type png)
<use figures/app_shot_hard.png>
Package pdftex.def Info: figures/app_shot_hard.png  used on input line 674.
(pdftex.def)             Requested size: 252.84283pt x 241.46312pt.
<figures/app_shot_soft.png, id=421, 2168.1pt x 1992.44376pt>
File: figures/app_shot_soft.png Graphic file (type png)
<use figures/app_shot_soft.png>
Package pdftex.def Info: figures/app_shot_soft.png  used on input line 675.
(pdftex.def)             Requested size: 252.84283pt x 232.33365pt.
<figures/app_architecture.png, id=424, 515.088pt x 211.554pt>
File: figures/app_architecture.png Graphic file (type png)
<use figures/app_architecture.png>
Package pdftex.def Info: figures/app_architecture.png  used on input line 685.
(pdftex.def)             Requested size: 252.0pt x 103.50096pt.

Underfull \hbox (badness 1533) in paragraph at lines 737--737
[]|\T1/ptm/m/n/8 nginx serves the build and prox-ies \T1/lmtt/m/n/8 /api\T1/ptm
/m/n/8 ; mod-els
 []

[13]

** Conference Paper **
Before submitting the final camera ready copy, remember to:

 1. Manually equalize the lengths of two columns on the last page
 of your paper;

 2. Ensure that any PostScript and/or PDF output post-processing
 uses only Type 1 fonts and that every step in the generation
 process uses the appropriate paper size.

[14 <./figures/app_shot_universal.png (PNG copy)> <./figures/app_shot_sketch.pn
g (PNG copy)> <./figures/app_shot_hard.png (PNG copy)> <./figures/app_shot_soft
.png (PNG copy)>] [15

 <./figures/app_architecture.png>] (./main.aux)
 ***********
LaTeX2e <2026-06-01>
L3 programming layer <2026-09-09>
 ***********
Package rerunfilecheck Info: File `main.out' has not changed.
(rerunfilecheck)             Checksum: B51486329FA1033074D8BBB76F9208E6;6853.
 ) 
Here is how much of TeX's memory you used:
 11646 strings out of 468531
 184845 string characters out of 5443194
 620765 words of memory out of 5000000
 40548 multiletter control sequences out of 15000+600000
 745534 words of font info for 163 fonts, out of 8000000 for 9000
 319 hyphenation exceptions out of 8191
 74i,11n,79p,2287b,575s stack positions out of 10000i,1000n,20000p,200000b,200000s
</usr/local/texlive/2026/texmf-dist/fonts/type1/public/amsfonts/cm/cmex10.pfb
></usr/local/texlive/2026/texmf-dist/fonts/type1/public/amsfonts/cm/cmmi10.pfb>
</usr/local/texlive/2026/texmf-dist/fonts/type1/public/amsfonts/cm/cmmi6.pfb></
usr/local/texlive/2026/texmf-dist/fonts/type1/public/amsfonts/cm/cmmi7.pfb></us
r/local/texlive/2026/texmf-dist/fonts/type1/public/amsfonts/cm/cmmi8.pfb></usr/
local/texlive/2026/texmf-dist/fonts/type1/public/amsfonts/cm/cmr10.pfb></usr/lo
cal/texlive/2026/texmf-dist/fonts/type1/public/amsfonts/cm/cmr6.pfb></usr/local
/texlive/2026/texmf-dist/fonts/type1/public/amsfonts/cm/cmr7.pfb></usr/local/te
xlive/2026/texmf-dist/fonts/type1/public/amsfonts/cm/cmr8.pfb></usr/local/texli
ve/2026/texmf-dist/fonts/type1/public/amsfonts/cm/cmr9.pfb></usr/local/texlive/
2026/texmf-dist/fonts/type1/public/amsfonts/cm/cmsy10.pfb></usr/local/texlive/2
026/texmf-dist/fonts/type1/public/amsfonts/cm/cmsy6.pfb></usr/local/texlive/202
6/texmf-dist/fonts/type1/public/amsfonts/cm/cmsy7.pfb></usr/local/texlive/2026/
texmf-dist/fonts/type1/public/amsfonts/cm/cmsy8.pfb></usr/local/texlive/2026/te
xmf-dist/fonts/type1/public/amsfonts/cm/cmsy9.pfb></usr/local/texlive/2026/texm
f-dist/fonts/type1/public/lm/lmtk10.pfb></usr/local/texlive/2026/texmf-dist/fon
ts/type1/public/lm/lmtt10.pfb></usr/local/texlive/2026/texmf-dist/fonts/type1/p
ublic/lm/lmtt8.pfb></usr/local/texlive/2026/texmf-dist/fonts/type1/public/amsfo
nts/symbols/msbm10.pfb></usr/local/texlive/2026/texmf-dist/fonts/type1/urw/time
s/utmb8a.pfb></usr/local/texlive/2026/texmf-dist/fonts/type1/urw/times/utmbi8a.
pfb></usr/local/texlive/2026/texmf-dist/fonts/type1/urw/times/utmr8a.pfb></usr/
local/texlive/2026/texmf-dist/fonts/type1/urw/times/utmri8a.pfb>
Output written on main.pdf (15 pages, 21199796 bytes).
PDF statistics:
 573 PDF objects out of 1000 (max. 8388607)
 450 compressed objects within 5 object streams
 118 named destinations out of 1000 (max. 500000)
 481 words of extra memory for PDF output out of 10000 (max. 10000000)

